// 重构日志: f86bb3e6
// 重构日志: f4ca969f
// 重构日志: 84f5e5b2
// 重构日志: 5fd1b1b8
// 重构日志: e7149e18
// 重构日志: c12f547d
// 同步 ID: 6417d9b3 @ Tue Jul 14 17:31:22 UTC 2026
// 重构日志: 1493d5f4
// 重构日志: eb038c27
// 同步 ID: 30879405 @ Thu Jul 23 16:37:58 UTC 2026
// 重构日志: 5300ad77
// 同步 ID: accccf24 @ Tue Jul 28 08:04:45 UTC 2026
// 重构日志: 690f4dd7
// 同步 ID: aaacf682 @ Sat Aug  1 14:53:43 UTC 2026
// 同步 ID: 31ab4e13 @ Sat Aug  1 18:38:41 UTC 2026
// 同步 ID: a8d5b8bd @ Sun Aug  2 08:33:39 UTC 2026
// 重构日志: a6f6e59b
// 同步 ID: fba83f37 @ Tue Aug  4 07:32:56 UTC 2026
// 重构日志: 6b40d994
// 重构日志: 47b1f23a
// 重构日志: f046a061
